Removed Pin From Net: NetName=ST_PWM2 Pin=GPIO-01
Removed Pin From Net: NetName=ST_PWM4 Pin=GPIO-02
Removed Pin From Net: NetName=ST_PWM3 Pin=GPIO-03
Removed Pin From Net: NetName=GND Pin=GPIO-04
Removed Pin From Net: NetName=ST_PA8 Pin=GPIO?-01
Removed Pin From Net: NetName=ST_PB5 Pin=GPIO?-01
Removed Pin From Net: NetName=ST_PA0 Pin=GPIO?-02
Removed Pin From Net: NetName=ST_PB3 Pin=GPIO?-02
Removed Pin From Net: NetName=ST_ADC_PA5 Pin=GPIO?-03
Removed Pin From Net: NetName=ST_PB4 Pin=GPIO?-03
Removed Pin From Net: NetName=VCC3V3 Pin=GPIO?-04
Removed Pin From Net: NetName=VCC3V3 Pin=GPIO?-04
Removed Pin From Net: NetName=GND Pin=SP-01
Removed Pin From Net: NetName=ST_AMP_SIG Pin=SP-02
Removed Pin From Net: NetName=ST_AMP_SDZ Pin=SP-03
Removed Pin From Net: NetName=VCC12V Pin=SP-04
Removed Pin From Net: NetName=ST_SWCLK Pin=STL-01
Removed Pin From Net: NetName=ST_SWDIO Pin=STL-02
Removed Pin From Net: NetName=GND Pin=STL-03
Removed Pin From Net: NetName=VCC3V3 Pin=STL-04
Removed Pin From Net: NetName=ST_UART_RXD Pin=UART-01
Removed Pin From Net: NetName=ST_UART_TXD Pin=UART-02
Removed Pin From Net: NetName=GND Pin=UART-03
Removed Pin From Net: NetName=VCC3V3 Pin=UART-04
Removed Member From Class: ClassName=VCU Member=GPIO?
Removed Member From Class: ClassName=VCU Member=UART
Change Component Comment : Designator=C15 Old Comment=100nF New Comment=20pF
Change Component Comment : Designator=C16 Old Comment=100nF New Comment=20pF
Change Component Description : Designator=F1 Old Description=2-Pin Radial Fuse New Description=2-Pin Radial Fuse | Rectangular | Slow Blow | UL | 315mA
Change Component Description : Designator=VCC3V3 Old Description=HEADER ASSEMBLY, NARROW, MTA-100, 2 POSITION, STRAIGHT New Description=HEADER ASSEMBLY, NARROW, MTA-100, 2 POSITION, STRAIGHT | TE Connectivity 3-644456-2
Change Component Description : Designator=VCC5V Old Description=HEADER ASSEMBLY, NARROW, MTA-100, 2 POSITION, STRAIGHT New Description=HEADER ASSEMBLY, NARROW, MTA-100, 2 POSITION, STRAIGHT | TE Connectivity 3-644456-2
Change Component Description : Designator=Q1 Old Description=RoHS Compliant New Description=RoHS Compliant | Low RDS(on) | Industry-leading quality | Dynamic dv/dt Rating | Fast Switching | Fully Avalanche Rated | 175C Operating Temperature | P-Channel MOSFET
Added Component: Designator=GPIO(JST_B4B-XH-A)
Add component (AddParameter): Name = "Check_prices"; Value = "https://www.snapeda.com/parts/B4B-XH-A/JST/view-part/?ref=eda"; VariantName = "[No Variations]"
Add component (AddParameter): Name = "MF"; Value = "JST Sales"; VariantName = "[No Variations]"
Add component (AddParameter): Name = "MP"; Value = "B4B-XH-A"; VariantName = "[No Variations]"
Add component (AddParameter): Name = "Package"; Value = "None"; VariantName = "[No Variations]"
Add component (AddParameter): Name = "SnapEDA_Link"; Value = "https://www.snapeda.com/parts/B4B-XH-A/JST/view-part/?ref=snap"; VariantName = "[No Variations]"
Add component (AddParameter): Name = "Value"; Value = ""; VariantName = "[No Variations]"
Added Component: Designator=GPIO(JST_B4B-XH-A)
Add component (AddParameter): Name = "Check_prices"; Value = "https://www.snapeda.com/parts/B4B-XH-A/JST/view-part/?ref=eda"; VariantName = "[No Variations]"
Add component (AddParameter): Name = "MF"; Value = "JST Sales"; VariantName = "[No Variations]"
Add component (AddParameter): Name = "MP"; Value = "B4B-XH-A"; VariantName = "[No Variations]"
Add component (AddParameter): Name = "Package"; Value = "None"; VariantName = "[No Variations]"
Add component (AddParameter): Name = "SnapEDA_Link"; Value = "https://www.snapeda.com/parts/B4B-XH-A/JST/view-part/?ref=snap"; VariantName = "[No Variations]"
Add component (AddParameter): Name = "Value"; Value = ""; VariantName = "[No Variations]"
Added Component: Designator=GPIO(JST_B4B-XH-A)
Add component (AddParameter): Name = "Check_prices"; Value = "https://www.snapeda.com/parts/B4B-XH-A/JST/view-part/?ref=eda"; VariantName = "[No Variations]"
Add component (AddParameter): Name = "MF"; Value = "JST Sales"; VariantName = "[No Variations]"
Add component (AddParameter): Name = "MP"; Value = "B4B-XH-A"; VariantName = "[No Variations]"
Add component (AddParameter): Name = "Package"; Value = "None"; VariantName = "[No Variations]"
Add component (AddParameter): Name = "SnapEDA_Link"; Value = "https://www.snapeda.com/parts/B4B-XH-A/JST/view-part/?ref=snap"; VariantName = "[No Variations]"
Add component (AddParameter): Name = "Value"; Value = ""; VariantName = "[No Variations]"
Added Component: Designator=GPIO(JST_B4B-XH-A)
Add component (AddParameter): Name = "Check_prices"; Value = "https://www.snapeda.com/parts/B4B-XH-A/JST/view-part/?ref=eda"; VariantName = "[No Variations]"
Add component (AddParameter): Name = "MF"; Value = "JST Sales"; VariantName = "[No Variations]"
Add component (AddParameter): Name = "MP"; Value = "B4B-XH-A"; VariantName = "[No Variations]"
Add component (AddParameter): Name = "Package"; Value = "None"; VariantName = "[No Variations]"
Add component (AddParameter): Name = "SnapEDA_Link"; Value = "https://www.snapeda.com/parts/B4B-XH-A/JST/view-part/?ref=snap"; VariantName = "[No Variations]"
Add component (AddParameter): Name = "Value"; Value = ""; VariantName = "[No Variations]"
Added Component: Designator=SP(JST_B4B-XH-A)
Add component (AddParameter): Name = "Check_prices"; Value = "https://www.snapeda.com/parts/B4B-XH-A/JST/view-part/?ref=eda"; VariantName = "[No Variations]"
Add component (AddParameter): Name = "MF"; Value = "JST Sales"; VariantName = "[No Variations]"
Add component (AddParameter): Name = "MP"; Value = "B4B-XH-A"; VariantName = "[No Variations]"
Add component (AddParameter): Name = "Package"; Value = "None"; VariantName = "[No Variations]"
Add component (AddParameter): Name = "SnapEDA_Link"; Value = "https://www.snapeda.com/parts/B4B-XH-A/JST/view-part/?ref=snap"; VariantName = "[No Variations]"
Add component (AddParameter): Name = "Value"; Value = ""; VariantName = "[No Variations]"
Added Component: Designator=STL(JST_B4B-XH-A)
Add component (AddParameter): Name = "Check_prices"; Value = "https://www.snapeda.com/parts/B4B-XH-A/JST/view-part/?ref=eda"; VariantName = "[No Variations]"
Add component (AddParameter): Name = "MF"; Value = "JST Sales"; VariantName = "[No Variations]"
Add component (AddParameter): Name = "MP"; Value = "B4B-XH-A"; VariantName = "[No Variations]"
Add component (AddParameter): Name = "Package"; Value = "None"; VariantName = "[No Variations]"
Add component (AddParameter): Name = "SnapEDA_Link"; Value = "https://www.snapeda.com/parts/B4B-XH-A/JST/view-part/?ref=snap"; VariantName = "[No Variations]"
Add component (AddParameter): Name = "Value"; Value = ""; VariantName = "[No Variations]"
Added Pin To Net: NetName=ST_PA8 Pin=GPIO-1
Added Pin To Net: NetName=ST_PB5 Pin=GPIO-1
Added Pin To Net: NetName=ST_PWM2 Pin=GPIO-1
Added Pin To Net: NetName=ST_UART_RXD Pin=GPIO-1
Added Pin To Net: NetName=ST_PA0 Pin=GPIO-2
Added Pin To Net: NetName=ST_PB3 Pin=GPIO-2
Added Pin To Net: NetName=ST_PWM4 Pin=GPIO-2
Added Pin To Net: NetName=ST_UART_TXD Pin=GPIO-2
Added Pin To Net: NetName=GND Pin=GPIO-3
Added Pin To Net: NetName=ST_ADC_PA5 Pin=GPIO-3
Added Pin To Net: NetName=ST_PB4 Pin=GPIO-3
Added Pin To Net: NetName=ST_PWM3 Pin=GPIO-3
Added Pin To Net: NetName=GND Pin=GPIO-4
Added Pin To Net: NetName=VCC3V3 Pin=GPIO-4
Added Pin To Net: NetName=VCC3V3 Pin=GPIO-4
Added Pin To Net: NetName=VCC3V3 Pin=GPIO-4
Added Pin To Net: NetName=GND Pin=SP-1
Added Pin To Net: NetName=ST_AMP_SIG Pin=SP-2
Added Pin To Net: NetName=ST_AMP_SDZ Pin=SP-3
Added Pin To Net: NetName=VCC12V Pin=SP-4
Added Pin To Net: NetName=ST_SWCLK Pin=STL-1
Added Pin To Net: NetName=ST_SWDIO Pin=STL-2
Added Pin To Net: NetName=GND Pin=STL-3
Added Pin To Net: NetName=VCC3V3 Pin=STL-4
Added Member To Class: ClassName=VCU Member=Component GPIO B4B-XH-A
Added Member To Class: ClassName=VCU Member=Component GPIO B4B-XH-A
Added Member To Class: ClassName=VCU Member=Component GPIO B4B-XH-A
