Removed Pin From Net: NetName=GND Pin=C13-1
Removed Pin From Net: NetName=VCC3V3 Pin=C13-2
Removed Pin From Net: NetName=NetOC1_3 Pin=Q4-1
Removed Pin From Net: NetName=CFM Pin=Q4-2
Removed Pin From Net: NetName=VCC12V Pin=Q4-3
Removed Pin From Net: NetName=NetOC2_3 Pin=Q5-1
Removed Pin From Net: NetName=CFB Pin=Q5-2
Removed Pin From Net: NetName=VCC12V Pin=Q5-3
Removed Pin From Net: NetName=NetOC3_3 Pin=Q6-1
Removed Pin From Net: NetName=BL Pin=Q6-2
Removed Pin From Net: NetName=VCC12V Pin=Q6-3
Removed Pin From Net: NetName=NetOC4_3 Pin=Q7-1
Removed Pin From Net: NetName=PUMP_RELAY Pin=Q7-2
Removed Pin From Net: NetName=VCC12V Pin=Q7-3
Removed Pin From Net: NetName=NetQ2_3 Pin=R28-1
Removed Member From Class: ClassName=VCU Member=C?
Removed Member From Class: ClassName=VCU Member=C??
Removed Member From Class: ClassName=VCU Member=R60
Removed Member From Class: ClassName=VCU Member=R61
Change Component Designator: OldDesignator=C3 NewDesignator=C4
Change Component Designator: OldDesignator=C7 NewDesignator=C8
Change Component Designator: OldDesignator=C8 NewDesignator=C9
Change Component Designator: OldDesignator=C9 NewDesignator=C10
Change Component Designator: OldDesignator=C10 NewDesignator=C11
Change Component Designator: OldDesignator=C11 NewDesignator=C12
Change Component Designator: OldDesignator=C12 NewDesignator=C13
Change Component Designator: OldDesignator=C? NewDesignator=C3
Change Component Designator: OldDesignator=C?? NewDesignator=C7
Change Component Designator: OldDesignator=Q9 NewDesignator=Q4
Change Component Designator: OldDesignator=R2 NewDesignator=R3
Change Component Designator: OldDesignator=R3 NewDesignator=R4
Change Component Designator: OldDesignator=R4 NewDesignator=R5
Change Component Designator: OldDesignator=R5 NewDesignator=R6
Change Component Designator: OldDesignator=R6 NewDesignator=R7
Change Component Designator: OldDesignator=R7 NewDesignator=R8
Change Component Designator: OldDesignator=R8 NewDesignator=R9
Change Component Designator: OldDesignator=R15 NewDesignator=R27
Change Component Designator: OldDesignator=R16 NewDesignator=R28
Change Component Designator: OldDesignator=R17 NewDesignator=R29
Change Component Designator: OldDesignator=R18 NewDesignator=R30
Change Component Designator: OldDesignator=R19 NewDesignator=R31
Change Component Designator: OldDesignator=R20 NewDesignator=R32
Change Component Designator: OldDesignator=R21 NewDesignator=R24
Change Component Designator: OldDesignator=R22 NewDesignator=R23
Change Component Designator: OldDesignator=R23 NewDesignator=R25
Change Component Designator: OldDesignator=R24 NewDesignator=R16
Change Component Designator: OldDesignator=R25 NewDesignator=R17
Change Component Designator: OldDesignator=R26 NewDesignator=R18
Change Component Designator: OldDesignator=R27 NewDesignator=R22
Change Component Designator: OldDesignator=R29 NewDesignator=R26
Change Component Designator: OldDesignator=R30 NewDesignator=R35
Change Component Designator: OldDesignator=R31 NewDesignator=R36
Change Component Designator: OldDesignator=R32 NewDesignator=R39
Change Component Designator: OldDesignator=R33 NewDesignator=R40
Change Component Designator: OldDesignator=R34 NewDesignator=R41
Change Component Designator: OldDesignator=R35 NewDesignator=R43
Change Component Designator: OldDesignator=R36 NewDesignator=R42
Change Component Designator: OldDesignator=R37 NewDesignator=R44
Change Component Designator: OldDesignator=R38 NewDesignator=R45
Change Component Designator: OldDesignator=R39 NewDesignator=R47
Change Component Designator: OldDesignator=R40 NewDesignator=R48
Change Component Designator: OldDesignator=R41 NewDesignator=R50
Change Component Designator: OldDesignator=R42 NewDesignator=R51
Change Component Designator: OldDesignator=R43 NewDesignator=R15
Change Component Designator: OldDesignator=R45 NewDesignator=R34
Change Component Designator: OldDesignator=R46 NewDesignator=R33
Change Component Designator: OldDesignator=R47 NewDesignator=R21
Change Component Designator: OldDesignator=R60 NewDesignator=R38
Change Component Designator: OldDesignator=R61 NewDesignator=R37
Change Component Designator: OldDesignator=R? NewDesignator=R2
Change Component Designator: OldDesignator=R? NewDesignator=R19
Change Component Designator: OldDesignator=R? NewDesignator=R20
Change Component Designator: OldDesignator=R? NewDesignator=R46
Change Component Designator: OldDesignator=R? NewDesignator=R49
Change Component Designator: OldDesignator=R? NewDesignator=R53
Change Component Designator: OldDesignator=R? NewDesignator=R54
Change Component Designator: OldDesignator=R? NewDesignator=R55
Change Component Designator: OldDesignator=R? NewDesignator=R552
Added Component: Designator=Q5(SOT95P280X125-3N)
Add component (AddParameter): Name = "Check_prices"; Value = "https://www.snapeda.com/parts/AO3407A/Alpha/view-part/?ref=eda"; VariantName = "[No Variations]"
Add component (AddParameter): Name = "MF"; Value = "Alpha &"; VariantName = "[No Variations]"
Add component (AddParameter): Name = "MP"; Value = "AO3407A"; VariantName = "[No Variations]"
Add component (AddParameter): Name = "Package"; Value = "SOT-23 Alpha &amp; Omega Semiconductor"; VariantName = "[No Variations]"
Add component (AddParameter): Name = "SnapEDA_Link"; Value = "https://www.snapeda.com/parts/AO3407A/Alpha/view-part/?ref=snap"; VariantName = "[No Variations]"
Add component (AddParameter): Name = "Value"; Value = ""; VariantName = "[No Variations]"
Added Component: Designator=Q6(SOT95P280X125-3N)
Add component (AddParameter): Name = "Check_prices"; Value = "https://www.snapeda.com/parts/AO3407A/Alpha/view-part/?ref=eda"; VariantName = "[No Variations]"
Add component (AddParameter): Name = "MF"; Value = "Alpha &"; VariantName = "[No Variations]"
Add component (AddParameter): Name = "MP"; Value = "AO3407A"; VariantName = "[No Variations]"
Add component (AddParameter): Name = "Package"; Value = "SOT-23 Alpha &amp; Omega Semiconductor"; VariantName = "[No Variations]"
Add component (AddParameter): Name = "SnapEDA_Link"; Value = "https://www.snapeda.com/parts/AO3407A/Alpha/view-part/?ref=snap"; VariantName = "[No Variations]"
Add component (AddParameter): Name = "Value"; Value = ""; VariantName = "[No Variations]"
Added Component: Designator=Q7(SOT95P280X125-3N)
Add component (AddParameter): Name = "Check_prices"; Value = "https://www.snapeda.com/parts/AO3407A/Alpha/view-part/?ref=eda"; VariantName = "[No Variations]"
Add component (AddParameter): Name = "MF"; Value = "Alpha &"; VariantName = "[No Variations]"
Add component (AddParameter): Name = "MP"; Value = "AO3407A"; VariantName = "[No Variations]"
Add component (AddParameter): Name = "Package"; Value = "SOT-23 Alpha &amp; Omega Semiconductor"; VariantName = "[No Variations]"
Add component (AddParameter): Name = "SnapEDA_Link"; Value = "https://www.snapeda.com/parts/AO3407A/Alpha/view-part/?ref=snap"; VariantName = "[No Variations]"
Add component (AddParameter): Name = "Value"; Value = ""; VariantName = "[No Variations]"
Added Component: Designator=Q8(SOT95P280X125-3N)
Add component (AddParameter): Name = "Check_prices"; Value = "https://www.snapeda.com/parts/AO3407A/Alpha/view-part/?ref=eda"; VariantName = "[No Variations]"
Add component (AddParameter): Name = "MF"; Value = "Alpha &"; VariantName = "[No Variations]"
Add component (AddParameter): Name = "MP"; Value = "AO3407A"; VariantName = "[No Variations]"
Add component (AddParameter): Name = "Package"; Value = "SOT-23 Alpha &amp; Omega Semiconductor"; VariantName = "[No Variations]"
Add component (AddParameter): Name = "SnapEDA_Link"; Value = "https://www.snapeda.com/parts/AO3407A/Alpha/view-part/?ref=snap"; VariantName = "[No Variations]"
Add component (AddParameter): Name = "Value"; Value = ""; VariantName = "[No Variations]"
Added Pin To Net: NetName=NetQ2_3 Pin=Q3-1
Added Pin To Net: NetName=NetOC1_3 Pin=Q5-1
Added Pin To Net: NetName=VCC12V Pin=Q5-2
Added Pin To Net: NetName=CFM Pin=Q5-3
Added Pin To Net: NetName=NetOC2_3 Pin=Q6-1
Added Pin To Net: NetName=VCC12V Pin=Q6-2
Added Pin To Net: NetName=CFB Pin=Q6-3
Added Pin To Net: NetName=NetOC3_3 Pin=Q7-1
Added Pin To Net: NetName=VCC12V Pin=Q7-2
Added Pin To Net: NetName=BL Pin=Q7-3
Added Pin To Net: NetName=NetOC4_3 Pin=Q8-1
Added Pin To Net: NetName=VCC12V Pin=Q8-2
Added Pin To Net: NetName=PUMP_RELAY Pin=Q8-3
Added Pin To Net: NetName=NetQ2_3 Pin=R21-1
Change Net Name : Old Net Name=NetQ9_1 New Net Name=NetQ4_1
Change Net Name : Old Net Name=NetR24_2 New Net Name=NetR16_2
Change Net Name : Old Net Name=NetR?_1 New Net Name=NetR2_1
Added Member To Class: ClassName=VCU Member=Component C4 22nF
Added Member To Class: ClassName=VCU Member=Component Q2 BC817-40
Added Member To Class: ClassName=VCU Member=Component Q3 AO3407A
Added Member To Class: ClassName=VCU Member=Component Q6 AO3407A
Added Member To Class: ClassName=VCU Member=Component Q8 AO3407A
Added Member To Class: ClassName=VCU Member=Component R9 1K
Added Member To Class: ClassName=VCU Member=Component R44 220R
Added Member To Class: ClassName=VCU Member=Component R48 10K
Added Member To Class: ClassName=VCU Member=Component R50 220R
Added Member To Class: ClassName=VCU Member=Component R51 10K
Added Member To Class: ClassName=VCU Member=Component R53 220R
Added Member To Class: ClassName=VCU Member=Component R54 10K
Added Member To Class: ClassName=VCU Member=Component R55 10K
Added Member To Class: ClassName=VCU Member=Component R552 10K
