Removed Pin From Net: NetName=GND Pin=GPIO-04
Removed Pin From Net: NetName=ST_PA8 Pin=GPIO?-01
Removed Pin From Net: NetName=ST_ADC_PA5 Pin=GPIO?-02
Removed Pin From Net: NetName=VCC3V3 Pin=GPIO?-03
Removed Pin From Net: NetName=GND Pin=GPIO?-04
Change Component Description : Designator=F1 Old Description=2-Pin Radial Fuse New Description=2-Pin Radial Fuse | Rectangular | Slow Blow | UL | 315mA
Change Component Description : Designator=VCC3V3 Old Description=HEADER ASSEMBLY, NARROW, MTA-100, 2 POSITION, STRAIGHT New Description=HEADER ASSEMBLY, NARROW, MTA-100, 2 POSITION, STRAIGHT | TE Connectivity 3-644456-2
Change Component Description : Designator=VCC5V Old Description=HEADER ASSEMBLY, NARROW, MTA-100, 2 POSITION, STRAIGHT New Description=HEADER ASSEMBLY, NARROW, MTA-100, 2 POSITION, STRAIGHT | TE Connectivity 3-644456-2
Change Component Description : Designator=Q1 Old Description=RoHS Compliant New Description=RoHS Compliant | Low RDS(on) | Industry-leading quality | Dynamic dv/dt Rating | Fast Switching | Fully Avalanche Rated | 175C Operating Temperature | P-Channel MOSFET
Added Component: Designator=D?(LED_0805_BLUE)
Add component (AddParameter): Name = "Distributor Link"; Value = ""; VariantName = "[No Variations]"
Add component (AddParameter): Name = "LCSC"; Value = ""; VariantName = "[No Variations]"
Add component (AddParameter): Name = "Manufacturer"; Value = ""; VariantName = "[No Variations]"
Add component (AddParameter): Name = "Manufacturer Part Number"; Value = ""; VariantName = "[No Variations]"
Added Component: Designator=D?(LED_0805_BLUE)
Add component (AddParameter): Name = "Distributor Link"; Value = ""; VariantName = "[No Variations]"
Add component (AddParameter): Name = "LCSC"; Value = ""; VariantName = "[No Variations]"
Add component (AddParameter): Name = "Manufacturer"; Value = ""; VariantName = "[No Variations]"
Add component (AddParameter): Name = "Manufacturer Part Number"; Value = ""; VariantName = "[No Variations]"
Added Component: Designator=GPIO?(SAMTEC_TSW-104-06-L-S)
Add component (AddParameter): Name = "Availability"; Value = "Unavailable"; VariantName = "[No Variations]"
Add component (AddParameter): Name = "MF"; Value = ""; VariantName = "[No Variations]"
Add component (AddParameter): Name = "MP"; Value = "TSW-104-06-L-S"; VariantName = "[No Variations]"
Add component (AddParameter): Name = "Package"; Value = "None"; VariantName = "[No Variations]"
Add component (AddParameter): Name = "Price"; Value = "None"; VariantName = "[No Variations]"
Add component (AddParameter): Name = "Value"; Value = ""; VariantName = "[No Variations]"
Added Component: Designator=R?(RES_0805)
Add component (AddParameter): Name = "Distributor Link"; Value = ""; VariantName = "[No Variations]"
Add component (AddParameter): Name = "LCSC"; Value = ""; VariantName = "[No Variations]"
Add component (AddParameter): Name = "Manufacturer"; Value = ""; VariantName = "[No Variations]"
Add component (AddParameter): Name = "Manufacturer Part Number"; Value = ""; VariantName = "[No Variations]"
Added Component: Designator=R?(RES_0805)
Add component (AddParameter): Name = "Distributor Link"; Value = ""; VariantName = "[No Variations]"
Add component (AddParameter): Name = "LCSC"; Value = ""; VariantName = "[No Variations]"
Add component (AddParameter): Name = "Manufacturer"; Value = ""; VariantName = "[No Variations]"
Add component (AddParameter): Name = "Manufacturer Part Number"; Value = ""; VariantName = "[No Variations]"
Added Pin To Net: NetName=VCC3V3 Pin=GPIO-04
Added Pin To Net: NetName=ST_ADC_PA5 Pin=GPIO?-01
Added Pin To Net: NetName=ST_PA8 Pin=GPIO?-03
Added Pin To Net: NetName=GND Pin=GPIO?-04
Added Pin To Net: NetName=VCC3V3 Pin=GPIO?-04
Added Pin To Net: NetName=GND Pin=R?-2
Added Pin To Net: NetName=GND Pin=R?-2
Added Pin To Net: NetName=GND Pin=U5-10
Added Pin To Net: NetName=GND Pin=U5-11
Added Pin To Net: NetName=GND Pin=U5-13
Added Pin To Net: NetName=GND Pin=U5-14
Added Pin To Net: NetName=GND Pin=U5-15
Added Pin To Net: NetName=GND Pin=U5-22
Added Pin To Net: NetName=GND Pin=U5-25
Added Pin To Net: NetName=GND Pin=U5-28
Added Pin To Net: NetName=GND Pin=UART-03
Change Net Name : Old Net Name=ST_PA2 New Net Name=ST_PA1
Change Net Name : Old Net Name=ST_PA3 New Net Name=ST_PA2
Change Net Name : Old Net Name=ST_PA4 New Net Name=ST_PA3
Added Pin To Net: NetName=NetD?_A Pin=D?-A
Added Pin To Net: NetName=NetD?_A Pin=U3-3
Added Net: Name=NetD?_A
Add Net: Net with name "NetD?_A" already exists
Added Pin To Net: NetName=NetD?_K Pin=D?-K
Added Pin To Net: NetName=NetD?_K Pin=R?-1
Added Net: Name=NetD?_K
Add Net: Net with name "NetD?_K" already exists
Added Pin To Net: NetName=ST_PA0 Pin=GPIO?-02
Added Pin To Net: NetName=ST_PA0 Pin=U3-10
Added Net: Name=ST_PA0
Added Pin To Net: NetName=ST_PB3 Pin=GPIO?-01
Added Pin To Net: NetName=ST_PB3 Pin=U3-39
Added Net: Name=ST_PB3
Added Pin To Net: NetName=ST_PB4 Pin=GPIO?-02
Added Pin To Net: NetName=ST_PB4 Pin=U3-40
Added Net: Name=ST_PB4
Added Pin To Net: NetName=ST_PB5 Pin=GPIO?-03
Added Pin To Net: NetName=ST_PB5 Pin=U3-41
Added Net: Name=ST_PB5
Added Member To Class: ClassName=VCU Member=Component D? BLUE
Added Member To Class: ClassName=VCU Member=Component D? BLUE
Added Member To Class: ClassName=VCU Member=Component GPIO? TSW-104-06-L-S
Added Member To Class: ClassName=VCU Member=Component R? 200R
Added Member To Class: ClassName=VCU Member=Component R? 200R
